[INFO] Scanning for projects...
[INFO] 
[INFO] ----------< fr.paris.lutece.plugins:module-mylutece-database >----------
[INFO] Building Lutece mylutece database module 6.0.0-SNAPSHOT
[INFO] ---------------------------[ lutece-plugin ]----------------------------
[INFO] 
[INFO] >>> lutece-maven-plugin:4.1.0:exploded (default-cli) > process-classes @ module-mylutece-database >>>
[INFO] 
[INFO] --- jacoco-maven-plugin:0.8.4:prepare-agent (prepare-agent) @ module-mylutece-database ---
[INFO] jacoco.agent.argLine set to -javaagent:C:\\Users\\glepine\\.m2\\repository\\org\\jacoco\\org.jacoco.agent\\0.8.4\\org.jacoco.agent-0.8.4-runtime.jar=destfile=C:\\Tools\\workspace\\lutece-auth-module-mylutece-database\\target\\jacoco.exec
[INFO] 
[INFO] --- license-maven-plugin:3.0:check (check-license) @ module-mylutece-database ---
[INFO] Checking licenses...
[WARNING] Some files do not have the expected license header
[INFO] 
[INFO] --- maven-resources-plugin:3.2.0:resources (default-resources) @ module-mylutece-database ---
[INFO] Using 'UTF-8' encoding to copy filtered resources.
[INFO] Using 'UTF-8' encoding to copy filtered properties files.
[INFO] Copying 2 resources
[INFO] 
[INFO] --- maven-compiler-plugin:3.8.1:compile (default-compile) @ module-mylutece-database ---
[INFO] Nothing to compile - all classes are up to date
[INFO] 
[INFO] <<< lutece-maven-plugin:4.1.0:exploded (default-cli) < process-classes @ module-mylutece-database <<<
[INFO] 
[INFO] 
[INFO] --- lutece-maven-plugin:4.1.0:exploded (default-cli) @ module-mylutece-database ---
[INFO]  __        __    __   ________  ________  ________  ________
[INFO]    |         |     |          |         |         |         |
[INFO]    |         |     |       |      |__       |         |__    
[INFO]    |         |     |       |         |      |            |   
[INFO]    |____     |___  |       |      |_____    |_____    |_____ 
[INFO]         |          |       |            |         |         |
[INFO]               LUTECE Maven Plugin - Version : 4.0            
[INFO] Updating webapp in C:\Tools\workspace\lutece-auth-module-mylutece-database\target\lutece...
[INFO] Nothing to update - all webapp files are up to date
[INFO] Nothing to update - all sql files are up to date
[INFO] Nothing to update - all site user files are up to date
[INFO] Nothing to update - all classe and resource files are up to date
[WARNING] Default configuration directory C:\Tools\workspace\lutece-auth-module-mylutece-database\src\conf\default does not exist
[INFO] Local configuration directory is C:\Users\glepine\lutece\conf\module-mylutece-database
[WARNING] Local configuration directory C:\Users\glepine\lutece\conf\module-mylutece-database does not exist
[INFO] 
[INFO] --- maven-antrun-plugin:1.8:run (default-cli) @ module-mylutece-database ---
[WARNING] Parameter tasks is deprecated, use target instead
[INFO] Executing tasks

main:
     [copy] Copying 1 file to C:\Tools\workspace\lutece-auth-module-mylutece-database\target\lutece\WEB-INF\conf

check_contrib_present:

contrib_not_found:

init:
     [echo] Preparing the database(s) by creating it and inserting data

init_mysql:

init_hsqldb:
     [echo] => HSQLDB

init_oracle:

init_postgresql:

drop_and_create_db:
     [echo] Create the core database LUTECE on host jdbc:hsqldb:file:target/LUTECE;shutdown=true
     [copy] Copying 1 file to C:\Tools\workspace\lutece-auth-module-mylutece-database\target\lutece\WEB-INF\sql
     [echo] Creating sql resource from the following files:
     [echo]     hsqldb.sql
     [echo] Translating SQL files to fit hsqldb requirements
     [echo]  ====== Applying rule 1 LONG VARBINARY => LONGVARBINARY
     [echo]  ====== Applying rule 2 LONG VARCHAR => LONGVARCHAR
     [echo]  ====== Applying rule 3 ([,(])0x([0-9A-F]+) => \1'\2'
     [echo]  ====== Applying rule 4 default '0000-00-00' NOT NULL => default CURRENT_TIMESTAMP NOT NULL
     [echo]  ====== Applying rule 5 default '0000-00-00 00:00:00' NOT NULL => default CURRENT_TIMESTAMP NOT NULL
     [echo]  ====== Applying rule 7 \\' => ''
     [echo]  ====== Applying rule 8 \\(.) => \1
     [echo]  ====== Applying rule 9 auto_increment => GENERATED BY DEFAULT AS IDENTITY(START WITH 1)
     [echo]  ====== Applying rule 10 default '1980-01-01 00:00' NOT NULL => default CURRENT_TIMESTAMP NOT NULL
      [sql] Executing resource: C:\Tools\workspace\lutece-auth-module-mylutece-database\target\lutece\WEB-INF\sql\tmp_199356411
      [sql] 1 of 1 SQL statements executed successfully
   [delete] Deleting: C:\Tools\workspace\lutece-auth-module-mylutece-database\target\lutece\WEB-INF\sql\tmp_199356411
   [delete] Deleting: C:\Tools\workspace\lutece-auth-module-mylutece-database\target\lutece\WEB-INF\sql\hsqldb.sql

core_files:

db_core_init:
     [echo] Preparing the core database
     [echo] Creating sql resource from the following files:
     [echo]     create_db_lutece_core.sql
     [echo]     init_db_lutece_core.sql
     [echo]     plugins\mylutece\core\init_core_mylutece.sql
     [echo]     plugins\mylutece\modules\database\core\init_core_mylutece_database.sql
     [echo] Translating SQL files to fit hsqldb requirements
     [echo]  ====== Applying rule 1 LONG VARBINARY => LONGVARBINARY
     [echo]  ====== Applying rule 2 LONG VARCHAR => LONGVARCHAR
     [echo]  ====== Applying rule 3 ([,(])0x([0-9A-F]+) => \1'\2'
     [echo]  ====== Applying rule 4 default '0000-00-00' NOT NULL => default CURRENT_TIMESTAMP NOT NULL
     [echo]  ====== Applying rule 5 default '0000-00-00 00:00:00' NOT NULL => default CURRENT_TIMESTAMP NOT NULL
     [echo]  ====== Applying rule 7 \\' => ''
     [echo]  ====== Applying rule 8 \\(.) => \1
     [echo]  ====== Applying rule 9 auto_increment => GENERATED BY DEFAULT AS IDENTITY(START WITH 1)
     [echo]  ====== Applying rule 10 default '1980-01-01 00:00' NOT NULL => default CURRENT_TIMESTAMP NOT NULL
      [sql] Executing resource: C:\Tools\workspace\lutece-auth-module-mylutece-database\target\lutece\WEB-INF\sql\tmp_199356411
      [sql] 377 of 379 SQL statements executed successfully
   [delete] Deleting: C:\Tools\workspace\lutece-auth-module-mylutece-database\target\lutece\WEB-INF\sql\tmp_199356411

db_core_init_ep:

plugin_init_plugins_files:

drop_and_create_db_plugins:
     [echo] 
     [echo]                     "plugins" pool wasn't defined in db.properties file.
     [echo]                     All tables will be create in core pool portal.
     [echo]                 

db_plugin_init:
     [echo] Creating sql resource from the following files:
     [echo]     plugins\mylutece\modules\database\plugin\create_db_mylutece_database.sql
     [echo]     plugins\mylutece\modules\database\plugin\init_db_mylutece_database.sql
     [echo]     plugins\mylutece\plugin\create_db_mylutece.sql
     [echo]     plugins\mylutece\plugin\init_db_mylutece_database.sql
     [echo] Translating SQL files to fit hsqldb requirements
     [echo]  ====== Applying rule 1 LONG VARBINARY => LONGVARBINARY
     [echo]  ====== Applying rule 2 LONG VARCHAR => LONGVARCHAR
     [echo]  ====== Applying rule 3 ([,(])0x([0-9A-F]+) => \1'\2'
     [echo]  ====== Applying rule 4 default '0000-00-00' NOT NULL => default CURRENT_TIMESTAMP NOT NULL
     [echo]  ====== Applying rule 5 default '0000-00-00 00:00:00' NOT NULL => default CURRENT_TIMESTAMP NOT NULL
     [echo]  ====== Applying rule 7 \\' => ''
     [echo]  ====== Applying rule 8 \\(.) => \1
     [echo]  ====== Applying rule 9 auto_increment => GENERATED BY DEFAULT AS IDENTITY(START WITH 1)
     [echo]  ====== Applying rule 10 default '1980-01-01 00:00' NOT NULL => default CURRENT_TIMESTAMP NOT NULL
      [sql] Executing resource: C:\Tools\workspace\lutece-auth-module-mylutece-database\target\lutece\WEB-INF\sql\tmp_199356411
      [sql] 67 of 69 SQL statements executed successfully
   [delete] Deleting: C:\Tools\workspace\lutece-auth-module-mylutece-database\target\lutece\WEB-INF\sql\tmp_199356411

db_init_old_structure:

all:
[INFO] Executed tasks
[INFO] 
[INFO] --- jacoco-maven-plugin:0.8.4:prepare-agent (prepare-agent) @ module-mylutece-database ---
[INFO] jacoco.agent.argLine set to -javaagent:C:\\Users\\glepine\\.m2\\repository\\org\\jacoco\\org.jacoco.agent\\0.8.4\\org.jacoco.agent-0.8.4-runtime.jar=destfile=C:\\Tools\\workspace\\lutece-auth-module-mylutece-database\\target\\jacoco.exec
[INFO] 
[INFO] --- license-maven-plugin:3.0:check (check-license) @ module-mylutece-database ---
[INFO] Checking licenses...
[WARNING] Some files do not have the expected license header
[INFO] 
[INFO] --- maven-resources-plugin:3.2.0:resources (default-resources) @ module-mylutece-database ---
[INFO] Using 'UTF-8' encoding to copy filtered resources.
[INFO] Using 'UTF-8' encoding to copy filtered properties files.
[INFO] Copying 2 resources
[INFO] 
[INFO] --- maven-compiler-plugin:3.8.1:compile (default-compile) @ module-mylutece-database ---
[INFO] Nothing to compile - all classes are up to date
[INFO] 
[INFO] --- maven-resources-plugin:3.2.0:testResources (default-testResources) @ module-mylutece-database ---
[INFO] Using 'UTF-8' encoding to copy filtered resources.
[INFO] Using 'UTF-8' encoding to copy filtered properties files.
[INFO] skip non existing resourceDirectory C:\Tools\workspace\lutece-auth-module-mylutece-database\src\test\resources
[INFO] 
[INFO] --- maven-compiler-plugin:3.8.1:testCompile (default-testCompile) @ module-mylutece-database ---
[INFO] Nothing to compile - all classes are up to date
[INFO] 
[INFO] --- maven-surefire-plugin:3.0.0-M3:test (default-test) @ module-mylutece-database ---
[INFO] 
[INFO] -------------------------------------------------------
[INFO]  T E S T S
[INFO] -------------------------------------------------------
[INFO] Running fr.paris.lutece.plugins.mylutece.modules.database.authentication.business.DatabaseUserHomeTest
-------------resourcesDir------------/C:/Tools/workspace/lutece-auth-module-mylutece-database/target/lutece/
0 [Lutece-MainThread] INFO lutece.event  - Lutece logs pre-initialized: sending all logs to stdout.
16/11/20 10:02:34 INFO  [Lutece-MainThread] lutece.event - Lutece logs initialized, using configured property files to define levels and appenders.
16/11/20 10:02:34 INFO  [Lutece-MainThread] lutece.event - 
 _      _   _   _____   ___    ___   ___      ____
| |    | | | | |_   _| | __|  / __| | __|    |__  |
| |__  | |_| |   | |   | _|  | (__  | _|       / / 
|____|  \___/    |_|   |___|  \___| |___|     /_/    Starting  version 7.0.0-SNAPSHOT...

16/11/20 10:02:36 INFO  [Lutece-MainThread] lutece.event - Creating connexions pool 'portal'.
16/11/20 10:02:36 INFO  [Lutece-MainThread] lutece.event - Loading context files ...
16/11/20 10:02:37 INFO  [Lutece-MainThread] lutece.event - Context file loaded : core_context.xml
16/11/20 10:02:37 INFO  [Lutece-MainThread] lutece.event - Context file loaded : database_context.xml
16/11/20 10:02:37 INFO  [Lutece-MainThread] lutece.event - Context file loaded : lucene_context.xml
16/11/20 10:02:37 INFO  [Lutece-MainThread] lutece.event - Context file loaded : mylutece_context.xml
16/11/20 10:02:37 INFO  [Lutece-MainThread] lutece.event - Loading plugins context overrides
Terminer le programme de commandes (O/N)ÿ? 
